// Jest Snapshot v1, https://goo.gl/fbAQLP

exports[`Blink 正常渲染 1`] = `
<a
  href="https://www.baidu.com"
>
  百度一下，你就知道
</a>
`;
